[1m[31merror:[0m the argument '[33m{argument_name}[0m' cannot be used multiple times

[1m[4mUsage:[0m [1mgitignore-template-generator[0m [OPTIONS] [TEMPLATE_NAMES]...

For more information, try '[1m--help[0m'.