[1m[31merror:[0m invalid value '[33mr ,[0m' for '[1m[TEMPLATE_NAMES]...[0m': Commas are not allowed in template names

For more information, try '[1m--help[0m'.