[1m[31merror:[0m invalid value '[33mx[0m' for '[1m--timeout <TIMEOUT>[0m': invalid digit found in string

For more information, try '[1m--help[0m'.