[1m[31merror:[0m invalid value '[33mfoo[0m' for '[1m{argument_name}[0m': URIs must start a slash (/)

For more information, try '[1m--help[0m'.