[1m[31merror:[0m the following required arguments were not provided:
  [32m<TEMPLATE_NAMES>...[0m

[1m[4mUsage:[0m [1mgitignore-template-generator[0m <TEMPLATE_NAMES>...

For more information, try '[1m--help[0m'.