[1m[31merror:[0m invalid value '[33m{input_value}[0m' for '[1m--server-url <SERVER_URL>[0m': URLs must start with a valid scheme (http or https)

For more information, try '[1m--help[0m'.