[1m[31merror:[0m unexpected argument '[33m-x[0m' found

  [32mtip:[0m to pass '[33m-x[0m' as a value, use '[32m-- -x[0m'

[1m[4mUsage:[0m [1mgitignore-template-generator[0m [OPTIONS] [TEMPLATE_NAMES]...

For more information, try '[1m--help[0m'.