[1m[31merror:[0m invalid value '[33mmillisecon[0m' for '[1m--timeout-unit <TIMEOUT_UNIT>[0m'
  [possible values: [32mmillisecond[0m, [32msecond[0m]

For more information, try '[1m--help[0m'.