[1m[31merror:[0m unexpected value '[33mtrue[0m' for '[1m{argument_name}[0m' found; no more were expected

[1m[4mUsage:[0m [1mgitignore-template-generator[0m [1m{argument_name}[0m [TEMPLATE_NAMES]...

For more information, try '[1m--help[0m'.