error: the following required arguments were not provided:
  <TEMPLATE_NAMES>...

Usage: gitignore-template-generator --check <TEMPLATE_NAMES>...

For more information, try '--help'.