error: invalid value 'r ,' for '[TEMPLATE_NAMES]...': Commas are not allowed in template names

For more information, try '--help'.