error: the following required arguments were not provided:
  <TEMPLATE_NAMES>...

Usage: gitignore-template-generator --endpoint-uri <ENDPOINT_URI> <TEMPLATE_NAMES>...

For more information, try '--help'.