error: the following required arguments were not provided:
  <TEMPLATE_NAMES>...

Usage: gitignore-template-generator --generator-uri <GENERATOR_URI> <TEMPLATE_NAMES>...

For more information, try '--help'.