Following template names are not supported: pyth, foo.
For the list of available template names, try '--list'.