error: invalid value '{input_value}' for '--server-url <SERVER_URL>': Value must be a valid URL

For more information, try '--help'.