One or more provided template names are not supported
To enable robust template names check, retry with '--check'.
For the list of available template names, try '--list'.