error: invalid value 'x' for '--timeout <TIMEOUT>': invalid digit found in string

For more information, try '--help'.