error: invalid value 'millisecon' for '--timeout-unit <TIMEOUT_UNIT>'
  [possible values: millisecond, second]

For more information, try '--help'.