An error occurred during the API call: io: failed to lookup address information: Name or service not known