error: the following required arguments were not provided:
  <TEMPLATE_NAMES>...

Usage: gitignore-template-generator --server-url <SERVER_URL> <TEMPLATE_NAMES>...

For more information, try '--help'.