An error occurred during the API call: http status: 404
