error: unexpected argument '-x' found

  tip: to pass '-x' as a value, use '-- -x'

Usage: gitignore-template-generator [OPTIONS] [TEMPLATE_NAMES]...

For more information, try '--help'.