error: invalid value 'foo' for '{argument_name}': URIs must start a slash (/)

For more information, try '--help'.